{
  "version": "1.4.0",
  "plugins_used": [
    {
      "name": "ArtifactoryDetector"
    },
    {
      "name": "AWSKeyDetector"
    },
    {
      "name": "AzureStorageKeyDetector"
    },
    {
      "name": "Base64HighEntropyString",
      "limit": 4.5
    },
    {
      "name": "BasicAuthDetector"
    },
    {
      "name": "CloudantDetector"
    },
    {
      "name": "DiscordBotTokenDetector"
    },
    {
      "name": "GitHubTokenDetector"
    },
    {
      "name": "HexHighEntropyString",
      "limit": 3.0
    },
    {
      "name": "IbmCloudIamDetector"
    },
    {
      "name": "IbmCosHmacDetector"
    },
    {
      "name": "JwtTokenDetector"
    },
    {
      "name": "KeywordDetector",
      "keyword_exclude": ""
    },
    {
      "name": "MailchimpDetector"
    },
    {
      "name": "NpmDetector"
    },
    {
      "name": "PrivateKeyDetector"
    },
    {
      "name": "SendGridDetector"
    },
    {
      "name": "SlackDetector"
    },
    {
      "name": "SoftlayerDetector"
    },
    {
      "name": "SquareOAuthDetector"
    },
    {
      "name": "StripeDetector"
    },
    {
      "name": "TwilioKeyDetector"
    }
  ],
  "filters_used": [
    {
      "path": "detect_secrets.filters.allowlist.is_line_allowlisted"
    },
    {
      "path": "detect_secrets.filters.common.is_baseline_file",
      "filename": ".secrets.baseline"
    },
    {
      "path": "detect_secrets.filters.common.is_ignored_due_to_verification_policies",
      "min_level": 2
    },
    {
      "path": "detect_secrets.filters.heuristic.is_indirect_reference"
    },
    {
      "path": "detect_secrets.filters.heuristic.is_likely_id_string"
    },
    {
      "path": "detect_secrets.filters.heuristic.is_lock_file"
    },
    {
      "path": "detect_secrets.filters.heuristic.is_not_alphanumeric_string"
    },
    {
      "path": "detect_secrets.filters.heuristic.is_potential_uuid"
    },
    {
      "path": "detect_secrets.filters.heuristic.is_prefixed_with_dollar_sign"
    },
    {
      "path": "detect_secrets.filters.heuristic.is_sequential_string"
    },
    {
      "path": "detect_secrets.filters.heuristic.is_swagger_file"
    },
    {
      "path": "detect_secrets.filters.heuristic.is_templated_secret"
    },
    {
      "path": "detect_secrets.filters.regex.should_exclude_file",
      "pattern": [
        ".*\\.example\\.toml$",
        "tests/fixtures/.*"
      ]
    }
  ],
  "results": {
    ".cursor/rules/cowrie-security.mdc": [
      {
        "type": "Secret Keyword",
        "filename": ".cursor/rules/cowrie-security.mdc",
        "hashed_secret": "e4402033d8c2cccde06744afcdccf835ef8c79b6",
        "is_verified": false,
        "line_number": 42
      }
    ],
    ".serena/memories/database_schema_reference.md": [
      {
        "type": "Hex High Entropy String",
        "filename": ".serena/memories/database_schema_reference.md",
        "hashed_secret": "90bd1b48e958257948487b90bee080ba5ed00caa",
        "is_verified": false,
        "line_number": 62
      },
      {
        "type": "Secret Keyword",
        "filename": ".serena/memories/database_schema_reference.md",
        "hashed_secret": "d033e22ae348aeb5660fc2140aec35850c4da997",
        "is_verified": false,
        "line_number": 80
      }
    ],
    ".serena/memories/suggested_commands.md": [
      {
        "type": "Basic Auth Credentials",
        "filename": ".serena/memories/suggested_commands.md",
        "hashed_secret": "9d4e1e23bd5b727046a9e3b4b7db57bd8d6ee684",
        "is_verified": false,
        "line_number": 52
      }
    ],
    "CLAUDE.md": [
      {
        "type": "Basic Auth Credentials",
        "filename": "CLAUDE.md",
        "hashed_secret": "9d4e1e23bd5b727046a9e3b4b7db57bd8d6ee684",
        "is_verified": false,
        "line_number": 73
      }
    ],
    "README.md": [
      {
        "type": "Basic Auth Credentials",
        "filename": "README.md",
        "hashed_secret": "5baa61e4c9b93f3f0682250b6cf8331b7ee68fd8",
        "is_verified": false,
        "line_number": 146
      },
      {
        "type": "Secret Keyword",
        "filename": "README.md",
        "hashed_secret": "fd4c3625b2ce049adab10addca63998577d3a54e",
        "is_verified": false,
        "line_number": 414
      },
      {
        "type": "Secret Keyword",
        "filename": "README.md",
        "hashed_secret": "9498d9e027a20a9931cf21279dc0062f81191597",
        "is_verified": false,
        "line_number": 416
      },
      {
        "type": "Secret Keyword",
        "filename": "README.md",
        "hashed_secret": "be576b5d3693080d3c9d6e39ef38894154bb4235",
        "is_verified": false,
        "line_number": 417
      },
      {
        "type": "Secret Keyword",
        "filename": "README.md",
        "hashed_secret": "c772f9581550b468734c14172e3abb8e8b617908",
        "is_verified": false,
        "line_number": 774
      }
    ],
    "archive/cowrie_malware_enrichment.py": [
      {
        "type": "Hex High Entropy String",
        "filename": "archive/cowrie_malware_enrichment.py",
        "hashed_secret": "99dd0b50d128d33df85d1baa8a59eeb83ed1d239",
        "is_verified": false,
        "line_number": 143
      }
    ],
    "archive/legacy_tests/integration/legacy_test_enrichment_integration.py": [
      {
        "type": "Hex High Entropy String",
        "filename": "archive/legacy_tests/integration/legacy_test_enrichment_integration.py",
        "hashed_secret": "67a74306b06d0c01624fe0d0249a570f4d093747",
        "is_verified": false,
        "line_number": 155
      }
    ],
    "archive/legacy_tests/integration/legacy_test_process_cowrie_sqlalchemy2.py": [
      {
        "type": "Secret Keyword",
        "filename": "archive/legacy_tests/integration/legacy_test_process_cowrie_sqlalchemy2.py",
        "hashed_secret": "c94d65f02a652d11c2e5c2e1ccf38dce5a076e1e",
        "is_verified": false,
        "line_number": 161
      }
    ],
    "archive/legacy_tests/integration/legacy_test_virustotal_integration.py": [
      {
        "type": "Secret Keyword",
        "filename": "archive/legacy_tests/integration/legacy_test_virustotal_integration.py",
        "hashed_secret": "3acfb2c2b433c0ea7ff107e33df91b18e52f960f",
        "is_verified": false,
        "line_number": 92
      }
    ],
    "archive/legacy_tests/unit/legacy_test_secrets_resolver.py": [
      {
        "type": "Secret Keyword",
        "filename": "archive/legacy_tests/unit/legacy_test_secrets_resolver.py",
        "hashed_secret": "4f57181dcaade980555f2ce6755ca425f00658be",
        "is_verified": false,
        "line_number": 83
      }
    ],
    "archive/legacy_tests/unit/legacy_test_session_enumerator.py": [
      {
        "type": "Secret Keyword",
        "filename": "archive/legacy_tests/unit/legacy_test_session_enumerator.py",
        "hashed_secret": "f3bbbd66a63d4bf1747940578ec3d0103530e21d",
        "is_verified": false,
        "line_number": 20
      }
    ],
    "archive/submit_vtfiles.py": [
      {
        "type": "Hex High Entropy String",
        "filename": "archive/submit_vtfiles.py",
        "hashed_secret": "9cb06f4e3bbebf2a6f27942a0a23cae0e7c8b281",
        "is_verified": false,
        "line_number": 106
      }
    ],
    "claudedocs/ASN_INVENTORY_IMPLEMENTATION_SUMMARY.md": [
      {
        "type": "Basic Auth Credentials",
        "filename": "claudedocs/ASN_INVENTORY_IMPLEMENTATION_SUMMARY.md",
        "hashed_secret": "9d4e1e23bd5b727046a9e3b4b7db57bd8d6ee684",
        "is_verified": false,
        "line_number": 47
      }
    ],
    "claudedocs/ENRICHMENT_CRITICAL_FINDING.md": [
      {
        "type": "Hex High Entropy String",
        "filename": "claudedocs/ENRICHMENT_CRITICAL_FINDING.md",
        "hashed_secret": "bd79975250b351a8579634aadbf68720b1d7d38f",
        "is_verified": false,
        "line_number": 33
      },
      {
        "type": "Hex High Entropy String",
        "filename": "claudedocs/ENRICHMENT_CRITICAL_FINDING.md",
        "hashed_secret": "816ea5df85d5843c2bbcc7a620f0b7bbcdac9d1d",
        "is_verified": false,
        "line_number": 34
      },
      {
        "type": "Hex High Entropy String",
        "filename": "claudedocs/ENRICHMENT_CRITICAL_FINDING.md",
        "hashed_secret": "9c27a23117cf72dd3623d677c86220d01bbc7d29",
        "is_verified": false,
        "line_number": 35
      }
    ],
    "claudedocs/ENRICHMENT_REFRESH_FIX.md": [
      {
        "type": "Basic Auth Credentials",
        "filename": "claudedocs/ENRICHMENT_REFRESH_FIX.md",
        "hashed_secret": "9d4e1e23bd5b727046a9e3b4b7db57bd8d6ee684",
        "is_verified": false,
        "line_number": 128
      },
      {
        "type": "Secret Keyword",
        "filename": "claudedocs/ENRICHMENT_REFRESH_FIX.md",
        "hashed_secret": "d91b03b1175ed49a57fd537513bc187273d47675",
        "is_verified": false,
        "line_number": 151
      },
      {
        "type": "Secret Keyword",
        "filename": "claudedocs/ENRICHMENT_REFRESH_FIX.md",
        "hashed_secret": "9498d9e027a20a9931cf21279dc0062f81191597",
        "is_verified": false,
        "line_number": 153
      },
      {
        "type": "Secret Keyword",
        "filename": "claudedocs/ENRICHMENT_REFRESH_FIX.md",
        "hashed_secret": "be576b5d3693080d3c9d6e39ef38894154bb4235",
        "is_verified": false,
        "line_number": 154
      }
    ],
    "claudedocs/ENRICHMENT_STATUS_CHECK.md": [
      {
        "type": "Basic Auth Credentials",
        "filename": "claudedocs/ENRICHMENT_STATUS_CHECK.md",
        "hashed_secret": "9d4e1e23bd5b727046a9e3b4b7db57bd8d6ee684",
        "is_verified": false,
        "line_number": 143
      }
    ],
    "claudedocs/ENRICHMENT_UNICODE_ROOT_CAUSE.md": [
      {
        "type": "Basic Auth Credentials",
        "filename": "claudedocs/ENRICHMENT_UNICODE_ROOT_CAUSE.md",
        "hashed_secret": "9d4e1e23bd5b727046a9e3b4b7db57bd8d6ee684",
        "is_verified": false,
        "line_number": 154
      }
    ],
    "claudedocs/MILESTONE1_FEATURE_ANALYSIS_REPORT.md": [
      {
        "type": "Basic Auth Credentials",
        "filename": "claudedocs/MILESTONE1_FEATURE_ANALYSIS_REPORT.md",
        "hashed_secret": "9d4e1e23bd5b727046a9e3b4b7db57bd8d6ee684",
        "is_verified": false,
        "line_number": 488
      }
    ],
    "claudedocs/PRECOMMIT_HOOKS_TESTING_RESULTS.md": [
      {
        "type": "Secret Keyword",
        "filename": "claudedocs/PRECOMMIT_HOOKS_TESTING_RESULTS.md",
        "hashed_secret": "159920628cb789601a3ef7859918baa2e9ea7d15",
        "is_verified": false,
        "line_number": 67
      }
    ],
    "claudedocs/config-refactoring-design.md": [
      {
        "type": "Basic Auth Credentials",
        "filename": "claudedocs/config-refactoring-design.md",
        "hashed_secret": "9d4e1e23bd5b727046a9e3b4b7db57bd8d6ee684",
        "is_verified": false,
        "line_number": 76
      },
      {
        "type": "Secret Keyword",
        "filename": "claudedocs/config-refactoring-design.md",
        "hashed_secret": "cb675c14643c7e6a39586e39c8b123def4e225a1",
        "is_verified": false,
        "line_number": 89
      },
      {
        "type": "Secret Keyword",
        "filename": "claudedocs/config-refactoring-design.md",
        "hashed_secret": "ffdd39557da62c96d5327b66cccc9b41ed5e4f42",
        "is_verified": false,
        "line_number": 104
      },
      {
        "type": "Secret Keyword",
        "filename": "claudedocs/config-refactoring-design.md",
        "hashed_secret": "37b4801a2193b8098373c6a981041e413e9e785b",
        "is_verified": false,
        "line_number": 107
      }
    ],
    "claudedocs/sanitization_bug_fix.md": [
      {
        "type": "Basic Auth Credentials",
        "filename": "claudedocs/sanitization_bug_fix.md",
        "hashed_secret": "9d4e1e23bd5b727046a9e3b4b7db57bd8d6ee684",
        "is_verified": false,
        "line_number": 157
      }
    ],
    "claudedocs/sanitization_complete_report.md": [
      {
        "type": "Basic Auth Credentials",
        "filename": "claudedocs/sanitization_complete_report.md",
        "hashed_secret": "9d4e1e23bd5b727046a9e3b4b7db57bd8d6ee684",
        "is_verified": false,
        "line_number": 84
      }
    ],
    "claudedocs/sanitization_incomplete_analysis.md": [
      {
        "type": "Basic Auth Credentials",
        "filename": "claudedocs/sanitization_incomplete_analysis.md",
        "hashed_secret": "9d4e1e23bd5b727046a9e3b4b7db57bd8d6ee684",
        "is_verified": false,
        "line_number": 60
      }
    ],
    "config/sensors.example.toml": [
      {
        "type": "Basic Auth Credentials",
        "filename": "config/sensors.example.toml",
        "hashed_secret": "3141a2deff384bb71f83d2247974f31d5b262659",
        "is_verified": false,
        "line_number": 39
      },
      {
        "type": "Secret Keyword",
        "filename": "config/sensors.example.toml",
        "hashed_secret": "cb675c14643c7e6a39586e39c8b123def4e225a1",
        "is_verified": false,
        "line_number": 75
      },
      {
        "type": "Secret Keyword",
        "filename": "config/sensors.example.toml",
        "hashed_secret": "0f43ccb70925e839ab1e12a3b6cd36cec898f7dd",
        "is_verified": false,
        "line_number": 77
      },
      {
        "type": "Secret Keyword",
        "filename": "config/sensors.example.toml",
        "hashed_secret": "03eb33c177953125004d4dfe1fb87bcd6e70ffb8",
        "is_verified": false,
        "line_number": 78
      },
      {
        "type": "Secret Keyword",
        "filename": "config/sensors.example.toml",
        "hashed_secret": "101a42e1c6674284ad918576f1ed990cfc3c6c8c",
        "is_verified": false,
        "line_number": 79
      },
      {
        "type": "Secret Keyword",
        "filename": "config/sensors.example.toml",
        "hashed_secret": "cd18c45f1fd9657e01dbf761f071c59ff0388420",
        "is_verified": false,
        "line_number": 80
      },
      {
        "type": "Secret Keyword",
        "filename": "config/sensors.example.toml",
        "hashed_secret": "fa9beb99e4029ad5a6615399e7bbae21356086b3",
        "is_verified": false,
        "line_number": 83
      }
    ],
    "config/sensors.toml": [
      {
        "type": "Basic Auth Credentials",
        "filename": "config/sensors.toml",
        "hashed_secret": "8a004ffa38a89fd00729d6718bddb95c6e63eee5",
        "is_verified": false,
        "line_number": 3
      },
      {
        "type": "Hex High Entropy String",
        "filename": "config/sensors.toml",
        "hashed_secret": "fceebed14f094478461f9aadaf1df9470e9c624a",
        "is_verified": false,
        "line_number": 40
      },
      {
        "type": "Hex High Entropy String",
        "filename": "config/sensors.toml",
        "hashed_secret": "219fd1136daba8f6c1fb8796252ce25c75ad43f3",
        "is_verified": false,
        "line_number": 41
      }
    ],
    "cowrieprocessor/cli/cowrie_db.py": [
      {
        "type": "Basic Auth Credentials",
        "filename": "cowrieprocessor/cli/cowrie_db.py",
        "hashed_secret": "5baa61e4c9b93f3f0682250b6cf8331b7ee68fd8",
        "is_verified": false,
        "line_number": 952
      }
    ],
    "cowrieprocessor/cli/enrich_asn.py": [
      {
        "type": "Basic Auth Credentials",
        "filename": "cowrieprocessor/cli/enrich_asn.py",
        "hashed_secret": "9d4e1e23bd5b727046a9e3b4b7db57bd8d6ee684",
        "is_verified": false,
        "line_number": 274
      }
    ],
    "cowrieprocessor/loader/dlq_processor.py": [
      {
        "type": "Secret Keyword",
        "filename": "cowrieprocessor/loader/dlq_processor.py",
        "hashed_secret": "50d8b4a941c26b89482c94ab324b5a274f9ced66",
        "is_verified": false,
        "line_number": 398
      }
    ],
    "docs/ADR/002-multi-container-service-architecture.md": [
      {
        "type": "Basic Auth Credentials",
        "filename": "docs/ADR/002-multi-container-service-architecture.md",
        "hashed_secret": "9d4e1e23bd5b727046a9e3b4b7db57bd8d6ee684",
        "is_verified": false,
        "line_number": 479
      },
      {
        "type": "Private Key",
        "filename": "docs/ADR/002-multi-container-service-architecture.md",
        "hashed_secret": "27c6929aef41ae2bcadac15ca6abcaff72cda9cd",
        "is_verified": false,
        "line_number": 1867
      }
    ],
    "docs/ADR/003-sqlite-deprecation-postgresql-only.md": [
      {
        "type": "Basic Auth Credentials",
        "filename": "docs/ADR/003-sqlite-deprecation-postgresql-only.md",
        "hashed_secret": "9d4e1e23bd5b727046a9e3b4b7db57bd8d6ee684",
        "is_verified": false,
        "line_number": 182
      },
      {
        "type": "Basic Auth Credentials",
        "filename": "docs/ADR/003-sqlite-deprecation-postgresql-only.md",
        "hashed_secret": "fa9beb99e4029ad5a6615399e7bbae21356086b3",
        "is_verified": false,
        "line_number": 373
      },
      {
        "type": "Secret Keyword",
        "filename": "docs/ADR/003-sqlite-deprecation-postgresql-only.md",
        "hashed_secret": "eaec42ede67acb45ff1b315b958d55b6871519ed",
        "is_verified": false,
        "line_number": 539
      }
    ],
    "docs/ADR/004-security-and-operations.md": [
      {
        "type": "Secret Keyword",
        "filename": "docs/ADR/004-security-and-operations.md",
        "hashed_secret": "7205a0abf00d1daec13c63ece029057c974795a9",
        "is_verified": false,
        "line_number": 58
      },
      {
        "type": "Basic Auth Credentials",
        "filename": "docs/ADR/004-security-and-operations.md",
        "hashed_secret": "5baa61e4c9b93f3f0682250b6cf8331b7ee68fd8",
        "is_verified": false,
        "line_number": 1849
      },
      {
        "type": "Secret Keyword",
        "filename": "docs/ADR/004-security-and-operations.md",
        "hashed_secret": "11d761f95cdf4d968c332a14169d111a87ca1d01",
        "is_verified": false,
        "line_number": 2112
      }
    ],
    "docs/design/asn-inventory-integration.md": [
      {
        "type": "Basic Auth Credentials",
        "filename": "docs/design/asn-inventory-integration.md",
        "hashed_secret": "9d4e1e23bd5b727046a9e3b4b7db57bd8d6ee684",
        "is_verified": false,
        "line_number": 232
      }
    ],
    "docs/dlq-processing-solution.md": [
      {
        "type": "Basic Auth Credentials",
        "filename": "docs/dlq-processing-solution.md",
        "hashed_secret": "5baa61e4c9b93f3f0682250b6cf8331b7ee68fd8",
        "is_verified": false,
        "line_number": 133
      },
      {
        "type": "Secret Keyword",
        "filename": "docs/dlq-processing-solution.md",
        "hashed_secret": "5baa61e4c9b93f3f0682250b6cf8331b7ee68fd8",
        "is_verified": false,
        "line_number": 194
      },
      {
        "type": "Hex High Entropy String",
        "filename": "docs/dlq-processing-solution.md",
        "hashed_secret": "914eade58a3c4410c791a67c3daaa4dbe0ce6827",
        "is_verified": false,
        "line_number": 218
      },
      {
        "type": "Secret Keyword",
        "filename": "docs/dlq-processing-solution.md",
        "hashed_secret": "d033e22ae348aeb5660fc2140aec35850c4da997",
        "is_verified": false,
        "line_number": 267
      }
    ],
    "docs/enrichment-schemas.md": [
      {
        "type": "Secret Keyword",
        "filename": "docs/enrichment-schemas.md",
        "hashed_secret": "1178cafbd64bbbfa77f5ac0a9d5032ed88162781",
        "is_verified": false,
        "line_number": 44
      },
      {
        "type": "Secret Keyword",
        "filename": "docs/enrichment-schemas.md",
        "hashed_secret": "ecb252044b5ea0f679ee78ec1a12904739e2904d",
        "is_verified": false,
        "line_number": 51
      },
      {
        "type": "Secret Keyword",
        "filename": "docs/enrichment-schemas.md",
        "hashed_secret": "008bd2d9e54fd03b1ecf887749e9da470f69b3b0",
        "is_verified": false,
        "line_number": 105
      },
      {
        "type": "Secret Keyword",
        "filename": "docs/enrichment-schemas.md",
        "hashed_secret": "2dad219690c0b1546d3c7be977f6f87cf2b7fb5a",
        "is_verified": false,
        "line_number": 106
      },
      {
        "type": "Secret Keyword",
        "filename": "docs/enrichment-schemas.md",
        "hashed_secret": "f7da46b295663afa4e86e7d7abe64cacb42dbbbc",
        "is_verified": false,
        "line_number": 112
      }
    ],
    "docs/enrichment/multi-source-cascade-guide.md": [
      {
        "type": "Secret Keyword",
        "filename": "docs/enrichment/multi-source-cascade-guide.md",
        "hashed_secret": "83aaa0db3fed153e6086e104e36cb57d87697e51",
        "is_verified": false,
        "line_number": 196
      },
      {
        "type": "Secret Keyword",
        "filename": "docs/enrichment/multi-source-cascade-guide.md",
        "hashed_secret": "a3e14ca24483c78554c083bc907c7194c7846ef1",
        "is_verified": false,
        "line_number": 224
      },
      {
        "type": "Secret Keyword",
        "filename": "docs/enrichment/multi-source-cascade-guide.md",
        "hashed_secret": "089d54757bb8b7af3df664927123f8ddd1da9a78",
        "is_verified": false,
        "line_number": 474
      },
      {
        "type": "Secret Keyword",
        "filename": "docs/enrichment/multi-source-cascade-guide.md",
        "hashed_secret": "54fbc097522a505d997e8ab074aec0cc0183404a",
        "is_verified": false,
        "line_number": 479
      }
    ],
    "docs/json/password_intelligence_longtail.md": [
      {
        "type": "Secret Keyword",
        "filename": "docs/json/password_intelligence_longtail.md",
        "hashed_secret": "21fce6ec7084850aad2555e43a45880236f86437",
        "is_verified": false,
        "line_number": 40
      }
    ],
    "docs/postgresql-migration-guide.md": [
      {
        "type": "Basic Auth Credentials",
        "filename": "docs/postgresql-migration-guide.md",
        "hashed_secret": "5baa61e4c9b93f3f0682250b6cf8331b7ee68fd8",
        "is_verified": false,
        "line_number": 48
      },
      {
        "type": "Secret Keyword",
        "filename": "docs/postgresql-migration-guide.md",
        "hashed_secret": "a616a64c0fbc30f12287d0f24f3b90dd2e6a206e",
        "is_verified": false,
        "line_number": 61
      },
      {
        "type": "Basic Auth Credentials",
        "filename": "docs/postgresql-migration-guide.md",
        "hashed_secret": "9d4e1e23bd5b727046a9e3b4b7db57bd8d6ee684",
        "is_verified": false,
        "line_number": 72
      }
    ],
    "docs/sphinx/source/adr/002-multi-container-service-architecture.md": [
      {
        "type": "Basic Auth Credentials",
        "filename": "docs/sphinx/source/adr/002-multi-container-service-architecture.md",
        "hashed_secret": "9d4e1e23bd5b727046a9e3b4b7db57bd8d6ee684",
        "is_verified": false,
        "line_number": 429
      },
      {
        "type": "Private Key",
        "filename": "docs/sphinx/source/adr/002-multi-container-service-architecture.md",
        "hashed_secret": "27c6929aef41ae2bcadac15ca6abcaff72cda9cd",
        "is_verified": false,
        "line_number": 1758
      }
    ],
    "docs/sphinx/source/adr/003-sqlite-deprecation-postgresql-only.md": [
      {
        "type": "Basic Auth Credentials",
        "filename": "docs/sphinx/source/adr/003-sqlite-deprecation-postgresql-only.md",
        "hashed_secret": "9d4e1e23bd5b727046a9e3b4b7db57bd8d6ee684",
        "is_verified": false,
        "line_number": 182
      },
      {
        "type": "Basic Auth Credentials",
        "filename": "docs/sphinx/source/adr/003-sqlite-deprecation-postgresql-only.md",
        "hashed_secret": "fa9beb99e4029ad5a6615399e7bbae21356086b3",
        "is_verified": false,
        "line_number": 373
      },
      {
        "type": "Secret Keyword",
        "filename": "docs/sphinx/source/adr/003-sqlite-deprecation-postgresql-only.md",
        "hashed_secret": "eaec42ede67acb45ff1b315b958d55b6871519ed",
        "is_verified": false,
        "line_number": 539
      }
    ],
    "docs/sphinx/source/adr/004-security-and-operations.md": [
      {
        "type": "Secret Keyword",
        "filename": "docs/sphinx/source/adr/004-security-and-operations.md",
        "hashed_secret": "7205a0abf00d1daec13c63ece029057c974795a9",
        "is_verified": false,
        "line_number": 58
      },
      {
        "type": "Basic Auth Credentials",
        "filename": "docs/sphinx/source/adr/004-security-and-operations.md",
        "hashed_secret": "5baa61e4c9b93f3f0682250b6cf8331b7ee68fd8",
        "is_verified": false,
        "line_number": 1849
      },
      {
        "type": "Secret Keyword",
        "filename": "docs/sphinx/source/adr/004-security-and-operations.md",
        "hashed_secret": "11d761f95cdf4d968c332a14169d111a87ca1d01",
        "is_verified": false,
        "line_number": 2112
      }
    ],
    "docs/sphinx/source/configuration.rst": [
      {
        "type": "Secret Keyword",
        "filename": "docs/sphinx/source/configuration.rst",
        "hashed_secret": "10c93a9b2c7bf7161e5ae2f78d785683c951e85f",
        "is_verified": false,
        "line_number": 13
      },
      {
        "type": "Secret Keyword",
        "filename": "docs/sphinx/source/configuration.rst",
        "hashed_secret": "1a2dc0c48e2d2100bed017933a9c156664740c85",
        "is_verified": false,
        "line_number": 19
      },
      {
        "type": "Secret Keyword",
        "filename": "docs/sphinx/source/configuration.rst",
        "hashed_secret": "814efa6b49148a5e88c361431f47ad58c96d66ea",
        "is_verified": false,
        "line_number": 22
      },
      {
        "type": "Basic Auth Credentials",
        "filename": "docs/sphinx/source/configuration.rst",
        "hashed_secret": "9d4e1e23bd5b727046a9e3b4b7db57bd8d6ee684",
        "is_verified": false,
        "line_number": 33
      },
      {
        "type": "Secret Keyword",
        "filename": "docs/sphinx/source/configuration.rst",
        "hashed_secret": "92646ba8d739918907887f1352226aba5fb852d0",
        "is_verified": false,
        "line_number": 45
      },
      {
        "type": "Secret Keyword",
        "filename": "docs/sphinx/source/configuration.rst",
        "hashed_secret": "13c04531f7d41f7b15fbd913576fb1989797c4e7",
        "is_verified": false,
        "line_number": 52
      },
      {
        "type": "Secret Keyword",
        "filename": "docs/sphinx/source/configuration.rst",
        "hashed_secret": "8e9c019d735ac05c2f07eba8933bae54317202f4",
        "is_verified": false,
        "line_number": 59
      },
      {
        "type": "Secret Keyword",
        "filename": "docs/sphinx/source/configuration.rst",
        "hashed_secret": "d584ca0b9123aa549b98eb7b37628da7e3438b2c",
        "is_verified": false,
        "line_number": 66
      },
      {
        "type": "Secret Keyword",
        "filename": "docs/sphinx/source/configuration.rst",
        "hashed_secret": "ee73d446b4800cd73db9b0ad468d70dac6cdcd49",
        "is_verified": false,
        "line_number": 73
      },
      {
        "type": "Secret Keyword",
        "filename": "docs/sphinx/source/configuration.rst",
        "hashed_secret": "419739908de0106e05bb6f1aa327fd68643fe9dd",
        "is_verified": false,
        "line_number": 80
      }
    ],
    "docs/sphinx/source/guides/dlq-processing.md": [
      {
        "type": "Basic Auth Credentials",
        "filename": "docs/sphinx/source/guides/dlq-processing.md",
        "hashed_secret": "5baa61e4c9b93f3f0682250b6cf8331b7ee68fd8",
        "is_verified": false,
        "line_number": 133
      },
      {
        "type": "Secret Keyword",
        "filename": "docs/sphinx/source/guides/dlq-processing.md",
        "hashed_secret": "5baa61e4c9b93f3f0682250b6cf8331b7ee68fd8",
        "is_verified": false,
        "line_number": 194
      },
      {
        "type": "Hex High Entropy String",
        "filename": "docs/sphinx/source/guides/dlq-processing.md",
        "hashed_secret": "914eade58a3c4410c791a67c3daaa4dbe0ce6827",
        "is_verified": false,
        "line_number": 218
      },
      {
        "type": "Secret Keyword",
        "filename": "docs/sphinx/source/guides/dlq-processing.md",
        "hashed_secret": "d033e22ae348aeb5660fc2140aec35850c4da997",
        "is_verified": false,
        "line_number": 267
      }
    ],
    "docs/sphinx/source/guides/postgresql-migration.md": [
      {
        "type": "Basic Auth Credentials",
        "filename": "docs/sphinx/source/guides/postgresql-migration.md",
        "hashed_secret": "5baa61e4c9b93f3f0682250b6cf8331b7ee68fd8",
        "is_verified": false,
        "line_number": 48
      },
      {
        "type": "Secret Keyword",
        "filename": "docs/sphinx/source/guides/postgresql-migration.md",
        "hashed_secret": "a616a64c0fbc30f12287d0f24f3b90dd2e6a206e",
        "is_verified": false,
        "line_number": 61
      },
      {
        "type": "Basic Auth Credentials",
        "filename": "docs/sphinx/source/guides/postgresql-migration.md",
        "hashed_secret": "9d4e1e23bd5b727046a9e3b4b7db57bd8d6ee684",
        "is_verified": false,
        "line_number": 72
      }
    ],
    "docs/sphinx/source/quickstart.rst": [
      {
        "type": "Secret Keyword",
        "filename": "docs/sphinx/source/quickstart.rst",
        "hashed_secret": "10c93a9b2c7bf7161e5ae2f78d785683c951e85f",
        "is_verified": false,
        "line_number": 43
      }
    ],
    "docs/sphinx/source/reference/enrichment-schemas.md": [
      {
        "type": "Secret Keyword",
        "filename": "docs/sphinx/source/reference/enrichment-schemas.md",
        "hashed_secret": "1178cafbd64bbbfa77f5ac0a9d5032ed88162781",
        "is_verified": false,
        "line_number": 44
      },
      {
        "type": "Secret Keyword",
        "filename": "docs/sphinx/source/reference/enrichment-schemas.md",
        "hashed_secret": "ecb252044b5ea0f679ee78ec1a12904739e2904d",
        "is_verified": false,
        "line_number": 51
      },
      {
        "type": "Secret Keyword",
        "filename": "docs/sphinx/source/reference/enrichment-schemas.md",
        "hashed_secret": "008bd2d9e54fd03b1ecf887749e9da470f69b3b0",
        "is_verified": false,
        "line_number": 105
      },
      {
        "type": "Secret Keyword",
        "filename": "docs/sphinx/source/reference/enrichment-schemas.md",
        "hashed_secret": "2dad219690c0b1546d3c7be977f6f87cf2b7fb5a",
        "is_verified": false,
        "line_number": 106
      },
      {
        "type": "Secret Keyword",
        "filename": "docs/sphinx/source/reference/enrichment-schemas.md",
        "hashed_secret": "f7da46b295663afa4e86e7d7abe64cacb42dbbbc",
        "is_verified": false,
        "line_number": 112
      }
    ],
    "notes/HOTPATCH_README.md": [
      {
        "type": "Basic Auth Credentials",
        "filename": "notes/HOTPATCH_README.md",
        "hashed_secret": "9d4e1e23bd5b727046a9e3b4b7db57bd8d6ee684",
        "is_verified": false,
        "line_number": 24
      }
    ],
    "notes/LONGTAIL_STORAGE_IMPLEMENTATION.md": [
      {
        "type": "Basic Auth Credentials",
        "filename": "notes/LONGTAIL_STORAGE_IMPLEMENTATION.md",
        "hashed_secret": "9d4e1e23bd5b727046a9e3b4b7db57bd8d6ee684",
        "is_verified": false,
        "line_number": 217
      }
    ],
    "notes/REFACTORING_RECOMMENDATIONS.md": [
      {
        "type": "Basic Auth Credentials",
        "filename": "notes/REFACTORING_RECOMMENDATIONS.md",
        "hashed_secret": "9d4e1e23bd5b727046a9e3b4b7db57bd8d6ee684",
        "is_verified": false,
        "line_number": 369
      }
    ],
    "notes/docs-validation-report.md": [
      {
        "type": "Secret Keyword",
        "filename": "notes/docs-validation-report.md",
        "hashed_secret": "1178cafbd64bbbfa77f5ac0a9d5032ed88162781",
        "is_verified": false,
        "line_number": 152
      },
      {
        "type": "Secret Keyword",
        "filename": "notes/docs-validation-report.md",
        "hashed_secret": "ecb252044b5ea0f679ee78ec1a12904739e2904d",
        "is_verified": false,
        "line_number": 158
      }
    ],
    "pyproject.toml": [
      {
        "type": "Secret Keyword",
        "filename": "pyproject.toml",
        "hashed_secret": "b28b7af69320201d1cf206ebf28373980add1451",
        "is_verified": false,
        "line_number": 169
      }
    ],
    "scripts/debug/test_array_extraction.py": [
      {
        "type": "Hex High Entropy String",
        "filename": "scripts/debug/test_array_extraction.py",
        "hashed_secret": "98abb2aef8a25abf77b63599b773056e7cf0368f",
        "is_verified": false,
        "line_number": 13
      }
    ],
    "scripts/debug/test_cowrie_repair.py": [
      {
        "type": "Hex High Entropy String",
        "filename": "scripts/debug/test_cowrie_repair.py",
        "hashed_secret": "98abb2aef8a25abf77b63599b773056e7cf0368f",
        "is_verified": false,
        "line_number": 13
      }
    ],
    "scripts/deploy_longtail_analysis.py": [
      {
        "type": "Basic Auth Credentials",
        "filename": "scripts/deploy_longtail_analysis.py",
        "hashed_secret": "9d4e1e23bd5b727046a9e3b4b7db57bd8d6ee684",
        "is_verified": false,
        "line_number": 8
      }
    ],
    "scripts/enrichment_live_check.py": [
      {
        "type": "Basic Auth Credentials",
        "filename": "scripts/enrichment_live_check.py",
        "hashed_secret": "9d4e1e23bd5b727046a9e3b4b7db57bd8d6ee684",
        "is_verified": false,
        "line_number": 288
      }
    ],
    "scripts/enrichment_refresh.py": [
      {
        "type": "Basic Auth Credentials",
        "filename": "scripts/enrichment_refresh.py",
        "hashed_secret": "9d4e1e23bd5b727046a9e3b4b7db57bd8d6ee684",
        "is_verified": false,
        "line_number": 418
      }
    ],
    "scripts/migrations/archive/cleanup_migration.py": [
      {
        "type": "Basic Auth Credentials",
        "filename": "scripts/migrations/archive/cleanup_migration.py",
        "hashed_secret": "9d4e1e23bd5b727046a9e3b4b7db57bd8d6ee684",
        "is_verified": false,
        "line_number": 75
      }
    ],
    "scripts/migrations/archive/test_migration.py": [
      {
        "type": "Basic Auth Credentials",
        "filename": "scripts/migrations/archive/test_migration.py",
        "hashed_secret": "9d4e1e23bd5b727046a9e3b4b7db57bd8d6ee684",
        "is_verified": false,
        "line_number": 44
      }
    ],
    "scripts/phase1/README_POST_ENRICHMENT.md": [
      {
        "type": "Secret Keyword",
        "filename": "scripts/phase1/README_POST_ENRICHMENT.md",
        "hashed_secret": "564e340cd48437d2dfe876ee154cc99dc4d0d137",
        "is_verified": false,
        "line_number": 190
      }
    ],
    "scripts/production/collect_postgresql_stats.py": [
      {
        "type": "Basic Auth Credentials",
        "filename": "scripts/production/collect_postgresql_stats.py",
        "hashed_secret": "9d4e1e23bd5b727046a9e3b4b7db57bd8d6ee684",
        "is_verified": false,
        "line_number": 247
      }
    ],
    "scripts/production/enhance_status_files.py": [
      {
        "type": "Basic Auth Credentials",
        "filename": "scripts/production/enhance_status_files.py",
        "hashed_secret": "9d4e1e23bd5b727046a9e3b4b7db57bd8d6ee684",
        "is_verified": false,
        "line_number": 182
      }
    ],
    "scripts/production/monitor_postgresql_loading.py": [
      {
        "type": "Basic Auth Credentials",
        "filename": "scripts/production/monitor_postgresql_loading.py",
        "hashed_secret": "9d4e1e23bd5b727046a9e3b4b7db57bd8d6ee684",
        "is_verified": false,
        "line_number": 350
      }
    ],
    "scripts/production/orchestrate_sensors.py": [
      {
        "type": "Secret Keyword",
        "filename": "scripts/production/orchestrate_sensors.py",
        "hashed_secret": "91e3b5abc17337254a1d240cfb71094044e647b9",
        "is_verified": false,
        "line_number": 242
      }
    ],
    "scripts/test_longtail_with_database.py": [
      {
        "type": "Basic Auth Credentials",
        "filename": "scripts/test_longtail_with_database.py",
        "hashed_secret": "9d4e1e23bd5b727046a9e3b4b7db57bd8d6ee684",
        "is_verified": false,
        "line_number": 8
      }
    ],
    "scripts/validate_longtail_analysis.py": [
      {
        "type": "Basic Auth Credentials",
        "filename": "scripts/validate_longtail_analysis.py",
        "hashed_secret": "9d4e1e23bd5b727046a9e3b4b7db57bd8d6ee684",
        "is_verified": false,
        "line_number": 8
      }
    ],
    "test-plans/longtail-analysis-test-plan.md": [
      {
        "type": "Basic Auth Credentials",
        "filename": "test-plans/longtail-analysis-test-plan.md",
        "hashed_secret": "9d4e1e23bd5b727046a9e3b4b7db57bd8d6ee684",
        "is_verified": false,
        "line_number": 252
      }
    ],
    "tests/conftest.py": [
      {
        "type": "Secret Keyword",
        "filename": "tests/conftest.py",
        "hashed_secret": "cbfdac6008f9cab4083784cbd1874f76618d2a97",
        "is_verified": false,
        "line_number": 50
      },
      {
        "type": "Hex High Entropy String",
        "filename": "tests/conftest.py",
        "hashed_secret": "6a30daceaf3677e81ff8a4698a12fafbbf04a1c7",
        "is_verified": false,
        "line_number": 74
      },
      {
        "type": "Hex High Entropy String",
        "filename": "tests/conftest.py",
        "hashed_secret": "a568ae34cfae298eeeac3a97ca2e42b541915608",
        "is_verified": false,
        "line_number": 218
      },
      {
        "type": "Hex High Entropy String",
        "filename": "tests/conftest.py",
        "hashed_secret": "0f51c1b346f91215a31ed3fef4dd82e9fb5b51ec",
        "is_verified": false,
        "line_number": 220
      }
    ],
    "tests/fixtures/sample_events.json": [
      {
        "type": "Secret Keyword",
        "filename": "tests/fixtures/sample_events.json",
        "hashed_secret": "5baa61e4c9b93f3f0682250b6cf8331b7ee68fd8",
        "is_verified": false,
        "line_number": 13
      },
      {
        "type": "Secret Keyword",
        "filename": "tests/fixtures/sample_events.json",
        "hashed_secret": "d033e22ae348aeb5660fc2140aec35850c4da997",
        "is_verified": false,
        "line_number": 58
      }
    ],
    "tests/fixtures/snowshoe_baseline/README.md": [
      {
        "type": "Basic Auth Credentials",
        "filename": "tests/fixtures/snowshoe_baseline/README.md",
        "hashed_secret": "9d4e1e23bd5b727046a9e3b4b7db57bd8d6ee684",
        "is_verified": false,
        "line_number": 222
      }
    ],
    "tests/integration/test_cli_tools.py": [
      {
        "type": "Hex High Entropy String",
        "filename": "tests/integration/test_cli_tools.py",
        "hashed_secret": "52942fc87d7ed8b100431491fd8ea74894d0509b",
        "is_verified": false,
        "line_number": 141
      },
      {
        "type": "Basic Auth Credentials",
        "filename": "tests/integration/test_cli_tools.py",
        "hashed_secret": "9d4e1e23bd5b727046a9e3b4b7db57bd8d6ee684",
        "is_verified": false,
        "line_number": 199
      },
      {
        "type": "Basic Auth Credentials",
        "filename": "tests/integration/test_cli_tools.py",
        "hashed_secret": "5baa61e4c9b93f3f0682250b6cf8331b7ee68fd8",
        "is_verified": false,
        "line_number": 284
      },
      {
        "type": "Secret Keyword",
        "filename": "tests/integration/test_cli_tools.py",
        "hashed_secret": "5baa61e4c9b93f3f0682250b6cf8331b7ee68fd8",
        "is_verified": false,
        "line_number": 295
      }
    ],
    "tests/integration/test_enrichment_reports.py": [
      {
        "type": "Hex High Entropy String",
        "filename": "tests/integration/test_enrichment_reports.py",
        "hashed_secret": "67a74306b06d0c01624fe0d0249a570f4d093747",
        "is_verified": false,
        "line_number": 112
      },
      {
        "type": "Hex High Entropy String",
        "filename": "tests/integration/test_enrichment_reports.py",
        "hashed_secret": "244f421f896bdcdd2784dccf4eaf7c8dfd5189b5",
        "is_verified": false,
        "line_number": 124
      }
    ],
    "tests/integration/test_greynoise_enrichment.py": [
      {
        "type": "Secret Keyword",
        "filename": "tests/integration/test_greynoise_enrichment.py",
        "hashed_secret": "3f70879f58fd615037fba31c7462f21eb83a79d0",
        "is_verified": false,
        "line_number": 30
      },
      {
        "type": "Secret Keyword",
        "filename": "tests/integration/test_greynoise_enrichment.py",
        "hashed_secret": "bbd5a4883c344a964c5605fef540ead72440f956",
        "is_verified": false,
        "line_number": 215
      }
    ],
    "tests/integration/test_password_enrichment.py": [
      {
        "type": "Secret Keyword",
        "filename": "tests/integration/test_password_enrichment.py",
        "hashed_secret": "cbfdac6008f9cab4083784cbd1874f76618d2a97",
        "is_verified": false,
        "line_number": 125
      },
      {
        "type": "Secret Keyword",
        "filename": "tests/integration/test_password_enrichment.py",
        "hashed_secret": "d033e22ae348aeb5660fc2140aec35850c4da997",
        "is_verified": false,
        "line_number": 126
      },
      {
        "type": "Secret Keyword",
        "filename": "tests/integration/test_password_enrichment.py",
        "hashed_secret": "8bb6118f8fd6935ad0876a3be34a717d32708ffd",
        "is_verified": false,
        "line_number": 237
      }
    ],
    "tests/integration/test_threat_detection_sqlalchemy2.py": [
      {
        "type": "Secret Keyword",
        "filename": "tests/integration/test_threat_detection_sqlalchemy2.py",
        "hashed_secret": "cbfdac6008f9cab4083784cbd1874f76618d2a97",
        "is_verified": false,
        "line_number": 64
      }
    ],
    "tests/unit/enrichment/test_greynoise_client.py": [
      {
        "type": "Secret Keyword",
        "filename": "tests/unit/enrichment/test_greynoise_client.py",
        "hashed_secret": "bd33830043487aed705b9aff291a77d69f27adb3",
        "is_verified": false,
        "line_number": 33
      }
    ],
    "tests/unit/test_botnet.py": [
      {
        "type": "Secret Keyword",
        "filename": "tests/unit/test_botnet.py",
        "hashed_secret": "7288edd0fc3ffcbe93a0cf06e3568e28521687bc",
        "is_verified": false,
        "line_number": 350
      }
    ],
    "tests/unit/test_cache.py": [
      {
        "type": "Hex High Entropy String",
        "filename": "tests/unit/test_cache.py",
        "hashed_secret": "e4f91dd323bac5bfc4f60a6e433787671dc2421d",
        "is_verified": false,
        "line_number": 70
      },
      {
        "type": "Hex High Entropy String",
        "filename": "tests/unit/test_cache.py",
        "hashed_secret": "35326e6a25d675986d5d09624c7dbe8f68e52a7c",
        "is_verified": false,
        "line_number": 104
      },
      {
        "type": "Hex High Entropy String",
        "filename": "tests/unit/test_cache.py",
        "hashed_secret": "e530634a3281b367aef4765eb0de49a65e6d0ba3",
        "is_verified": false,
        "line_number": 121
      }
    ],
    "tests/unit/test_cowrie_db.py": [
      {
        "type": "Basic Auth Credentials",
        "filename": "tests/unit/test_cowrie_db.py",
        "hashed_secret": "9d4e1e23bd5b727046a9e3b4b7db57bd8d6ee684",
        "is_verified": false,
        "line_number": 59
      }
    ],
    "tests/unit/test_cowrie_db_queries.py": [
      {
        "type": "Secret Keyword",
        "filename": "tests/unit/test_cowrie_db_queries.py",
        "hashed_secret": "d033e22ae348aeb5660fc2140aec35850c4da997",
        "is_verified": false,
        "line_number": 66
      },
      {
        "type": "Basic Auth Credentials",
        "filename": "tests/unit/test_cowrie_db_queries.py",
        "hashed_secret": "a94a8fe5ccb19ba61c4c0873d391e987982fbbd3",
        "is_verified": false,
        "line_number": 619
      }
    ],
    "tests/unit/test_cowrie_db_types.py": [
      {
        "type": "Basic Auth Credentials",
        "filename": "tests/unit/test_cowrie_db_types.py",
        "hashed_secret": "9d4e1e23bd5b727046a9e3b4b7db57bd8d6ee684",
        "is_verified": false,
        "line_number": 410
      }
    ],
    "tests/unit/test_cowrie_schema.py": [
      {
        "type": "Secret Keyword",
        "filename": "tests/unit/test_cowrie_schema.py",
        "hashed_secret": "d033e22ae348aeb5660fc2140aec35850c4da997",
        "is_verified": false,
        "line_number": 16
      }
    ],
    "tests/unit/test_db_config.py": [
      {
        "type": "Basic Auth Credentials",
        "filename": "tests/unit/test_db_config.py",
        "hashed_secret": "9d4e1e23bd5b727046a9e3b4b7db57bd8d6ee684",
        "is_verified": false,
        "line_number": 271
      }
    ],
    "tests/unit/test_db_engine.py": [
      {
        "type": "Basic Auth Credentials",
        "filename": "tests/unit/test_db_engine.py",
        "hashed_secret": "9d4e1e23bd5b727046a9e3b4b7db57bd8d6ee684",
        "is_verified": false,
        "line_number": 50
      }
    ],
    "tests/unit/test_dlq_processor.py": [
      {
        "type": "Secret Keyword",
        "filename": "tests/unit/test_dlq_processor.py",
        "hashed_secret": "435b41068e8665513a20070c033b08b9c66e4332",
        "is_verified": false,
        "line_number": 51
      },
      {
        "type": "Secret Keyword",
        "filename": "tests/unit/test_dlq_processor.py",
        "hashed_secret": "5baa61e4c9b93f3f0682250b6cf8331b7ee68fd8",
        "is_verified": false,
        "line_number": 278
      },
      {
        "type": "Secret Keyword",
        "filename": "tests/unit/test_dlq_processor.py",
        "hashed_secret": "781e4e351be7966269133233e11e9f6be6bf38a4",
        "is_verified": false,
        "line_number": 566
      }
    ],
    "tests/unit/test_enrich_password_tracking.py": [
      {
        "type": "Secret Keyword",
        "filename": "tests/unit/test_enrich_password_tracking.py",
        "hashed_secret": "d033e22ae348aeb5660fc2140aec35850c4da997",
        "is_verified": false,
        "line_number": 44
      }
    ],
    "tests/unit/test_enrich_passwords_cli.py": [
      {
        "type": "Hex High Entropy String",
        "filename": "tests/unit/test_enrich_passwords_cli.py",
        "hashed_secret": "8fc6b88471f7c97091de320e2575085cc932e2d3",
        "is_verified": false,
        "line_number": 147
      },
      {
        "type": "Secret Keyword",
        "filename": "tests/unit/test_enrich_passwords_cli.py",
        "hashed_secret": "8fc6b88471f7c97091de320e2575085cc932e2d3",
        "is_verified": false,
        "line_number": 147
      },
      {
        "type": "Secret Keyword",
        "filename": "tests/unit/test_enrich_passwords_cli.py",
        "hashed_secret": "b8e4980f8d1bc7230bf0ca1fa0ba72971554f758",
        "is_verified": false,
        "line_number": 225
      },
      {
        "type": "Secret Keyword",
        "filename": "tests/unit/test_enrich_passwords_cli.py",
        "hashed_secret": "6c70a51ab916e36181259e8b6a2a31910dd70f1e",
        "is_verified": false,
        "line_number": 296
      },
      {
        "type": "Secret Keyword",
        "filename": "tests/unit/test_enrich_passwords_cli.py",
        "hashed_secret": "c18006fc138809314751cd1991f1e0b820fabd37",
        "is_verified": false,
        "line_number": 546
      },
      {
        "type": "Hex High Entropy String",
        "filename": "tests/unit/test_enrich_passwords_cli.py",
        "hashed_secret": "90bd1b48e958257948487b90bee080ba5ed00caa",
        "is_verified": false,
        "line_number": 547
      },
      {
        "type": "Secret Keyword",
        "filename": "tests/unit/test_enrich_passwords_cli.py",
        "hashed_secret": "90bd1b48e958257948487b90bee080ba5ed00caa",
        "is_verified": false,
        "line_number": 547
      },
      {
        "type": "Secret Keyword",
        "filename": "tests/unit/test_enrich_passwords_cli.py",
        "hashed_secret": "234d5948a06a8a3c878b118db251263a425e0a21",
        "is_verified": false,
        "line_number": 609
      },
      {
        "type": "Secret Keyword",
        "filename": "tests/unit/test_enrich_passwords_cli.py",
        "hashed_secret": "1cd2b707978539acab414c61c7742770a2be134a",
        "is_verified": false,
        "line_number": 610
      },
      {
        "type": "Secret Keyword",
        "filename": "tests/unit/test_enrich_passwords_cli.py",
        "hashed_secret": "8bb6118f8fd6935ad0876a3be34a717d32708ffd",
        "is_verified": false,
        "line_number": 684
      },
      {
        "type": "Secret Keyword",
        "filename": "tests/unit/test_enrich_passwords_cli.py",
        "hashed_secret": "6280d740d173ef5eb200c2efa1b94bf3e0597b22",
        "is_verified": false,
        "line_number": 685
      },
      {
        "type": "Secret Keyword",
        "filename": "tests/unit/test_enrich_passwords_cli.py",
        "hashed_secret": "de219a100027d7c579f630d75195d6c36602778e",
        "is_verified": false,
        "line_number": 739
      },
      {
        "type": "Secret Keyword",
        "filename": "tests/unit/test_enrich_passwords_cli.py",
        "hashed_secret": "8b6ef92ca8facc5d492aec5ad9f47694cb252b7e",
        "is_verified": false,
        "line_number": 740
      },
      {
        "type": "Secret Keyword",
        "filename": "tests/unit/test_enrich_passwords_cli.py",
        "hashed_secret": "cbfdac6008f9cab4083784cbd1874f76618d2a97",
        "is_verified": false,
        "line_number": 807
      },
      {
        "type": "Secret Keyword",
        "filename": "tests/unit/test_enrich_passwords_cli.py",
        "hashed_secret": "d8ecf7db8fc9ec9c31bc5c9ae2929cc599c75f8d",
        "is_verified": false,
        "line_number": 819
      },
      {
        "type": "Secret Keyword",
        "filename": "tests/unit/test_enrich_passwords_cli.py",
        "hashed_secret": "86a9a9fdbacc1f49f96c9a784a2ca57596f2b77e",
        "is_verified": false,
        "line_number": 843
      },
      {
        "type": "Secret Keyword",
        "filename": "tests/unit/test_enrich_passwords_cli.py",
        "hashed_secret": "c22dd47bb77cb2f411ede211f28f50b9c8c134b6",
        "is_verified": false,
        "line_number": 1002
      },
      {
        "type": "Secret Keyword",
        "filename": "tests/unit/test_enrich_passwords_cli.py",
        "hashed_secret": "07231459bd9aa24caa9870ce32fb02135d95bacc",
        "is_verified": false,
        "line_number": 1003
      },
      {
        "type": "Secret Keyword",
        "filename": "tests/unit/test_enrich_passwords_cli.py",
        "hashed_secret": "3e4c81c2cbd2289b627122a4a9059cd485e11f62",
        "is_verified": false,
        "line_number": 1004
      },
      {
        "type": "Secret Keyword",
        "filename": "tests/unit/test_enrich_passwords_cli.py",
        "hashed_secret": "1e1c7f181bff687f33d8a79de27017f4d3c49598",
        "is_verified": false,
        "line_number": 1022
      },
      {
        "type": "Secret Keyword",
        "filename": "tests/unit/test_enrich_passwords_cli.py",
        "hashed_secret": "b0b0a88d3b0c4c9b56e20a9b4175002255f1bf57",
        "is_verified": false,
        "line_number": 1023
      }
    ],
    "tests/unit/test_enrichment_handlers_modern.py": [
      {
        "type": "Hex High Entropy String",
        "filename": "tests/unit/test_enrichment_handlers_modern.py",
        "hashed_secret": "b4c9248600a42f8c38c01b632f392dbcb4c7b19a",
        "is_verified": false,
        "line_number": 805
      }
    ],
    "tests/unit/test_hibp_client.py": [
      {
        "type": "Secret Keyword",
        "filename": "tests/unit/test_hibp_client.py",
        "hashed_secret": "8732d4511a736d19103afb953b523f9122fb50c3",
        "is_verified": false,
        "line_number": 73
      },
      {
        "type": "Secret Keyword",
        "filename": "tests/unit/test_hibp_client.py",
        "hashed_secret": "cbfdac6008f9cab4083784cbd1874f76618d2a97",
        "is_verified": false,
        "line_number": 95
      },
      {
        "type": "Hex High Entropy String",
        "filename": "tests/unit/test_hibp_client.py",
        "hashed_secret": "2d235df03883ca050a60464b53d1a35bdc6650c0",
        "is_verified": false,
        "line_number": 137
      },
      {
        "type": "Hex High Entropy String",
        "filename": "tests/unit/test_hibp_client.py",
        "hashed_secret": "0c1c8b5da306e44b300d83ce5f16381989ec80f7",
        "is_verified": false,
        "line_number": 138
      },
      {
        "type": "Hex High Entropy String",
        "filename": "tests/unit/test_hibp_client.py",
        "hashed_secret": "19e154beab8f79a6ee2b079cc6f93d023f70ef19",
        "is_verified": false,
        "line_number": 139
      },
      {
        "type": "Secret Keyword",
        "filename": "tests/unit/test_hibp_client.py",
        "hashed_secret": "8bb6118f8fd6935ad0876a3be34a717d32708ffd",
        "is_verified": false,
        "line_number": 220
      }
    ],
    "tests/unit/test_ingest_cli.py": [
      {
        "type": "Secret Keyword",
        "filename": "tests/unit/test_ingest_cli.py",
        "hashed_secret": "5d4cd5ee4794cc9509a50b07c27d3a0a2a878c80",
        "is_verified": false,
        "line_number": 141
      },
      {
        "type": "Secret Keyword",
        "filename": "tests/unit/test_ingest_cli.py",
        "hashed_secret": "9901dda4e2a360d0e6067c1ccd9075e299cb67d8",
        "is_verified": false,
        "line_number": 160
      },
      {
        "type": "Secret Keyword",
        "filename": "tests/unit/test_ingest_cli.py",
        "hashed_secret": "3acfb2c2b433c0ea7ff107e33df91b18e52f960f",
        "is_verified": false,
        "line_number": 200
      },
      {
        "type": "Secret Keyword",
        "filename": "tests/unit/test_ingest_cli.py",
        "hashed_secret": "8549644ba87f9b9d1f08c4735c1579c1ded0a548",
        "is_verified": false,
        "line_number": 256
      },
      {
        "type": "Secret Keyword",
        "filename": "tests/unit/test_ingest_cli.py",
        "hashed_secret": "bb05df5ed7a9b9222cef8ec4ba345703c04e1a61",
        "is_verified": false,
        "line_number": 258
      },
      {
        "type": "Secret Keyword",
        "filename": "tests/unit/test_ingest_cli.py",
        "hashed_secret": "a26beba04dc7dad7471764ba68de82dd4e7755f7",
        "is_verified": false,
        "line_number": 259
      },
      {
        "type": "Secret Keyword",
        "filename": "tests/unit/test_ingest_cli.py",
        "hashed_secret": "e288475583c8990406513dbe81014b01deaa245f",
        "is_verified": false,
        "line_number": 609
      },
      {
        "type": "Secret Keyword",
        "filename": "tests/unit/test_ingest_cli.py",
        "hashed_secret": "8a1aca520476aa2f4d4a7044c94416ca2525196a",
        "is_verified": false,
        "line_number": 610
      }
    ],
    "tests/unit/test_mock_enrichment_handlers.py": [
      {
        "type": "Hex High Entropy String",
        "filename": "tests/unit/test_mock_enrichment_handlers.py",
        "hashed_secret": "67a74306b06d0c01624fe0d0249a570f4d093747",
        "is_verified": false,
        "line_number": 84
      }
    ],
    "tests/unit/test_password_extractor.py": [
      {
        "type": "Secret Keyword",
        "filename": "tests/unit/test_password_extractor.py",
        "hashed_secret": "cbfdac6008f9cab4083784cbd1874f76618d2a97",
        "is_verified": false,
        "line_number": 31
      },
      {
        "type": "Secret Keyword",
        "filename": "tests/unit/test_password_extractor.py",
        "hashed_secret": "6eb67d95dba1a614971e31e78146d44bd4a3ada3",
        "is_verified": false,
        "line_number": 44
      },
      {
        "type": "Secret Keyword",
        "filename": "tests/unit/test_password_extractor.py",
        "hashed_secret": "f0578f1e7174b1a41c4ea8c6e17f7a8a3b88c92a",
        "is_verified": false,
        "line_number": 57
      },
      {
        "type": "Secret Keyword",
        "filename": "tests/unit/test_password_extractor.py",
        "hashed_secret": "8be52126a6fde450a7162a3651d589bb51e9579d",
        "is_verified": false,
        "line_number": 58
      },
      {
        "type": "Secret Keyword",
        "filename": "tests/unit/test_password_extractor.py",
        "hashed_secret": "de2a4d5751ab06dc4f987142db57c26d50925c8a",
        "is_verified": false,
        "line_number": 59
      },
      {
        "type": "Secret Keyword",
        "filename": "tests/unit/test_password_extractor.py",
        "hashed_secret": "aafdc23870ecbcd3d557b6423a8982134e17927e",
        "is_verified": false,
        "line_number": 76
      },
      {
        "type": "Secret Keyword",
        "filename": "tests/unit/test_password_extractor.py",
        "hashed_secret": "bec262808ffd307630f5d167bb7aaf470eabbe6b",
        "is_verified": false,
        "line_number": 90
      },
      {
        "type": "Secret Keyword",
        "filename": "tests/unit/test_password_extractor.py",
        "hashed_secret": "c18006fc138809314751cd1991f1e0b820fabd37",
        "is_verified": false,
        "line_number": 113
      },
      {
        "type": "Secret Keyword",
        "filename": "tests/unit/test_password_extractor.py",
        "hashed_secret": "8b04cc5c3b98952721df31645d861062abc36fe9",
        "is_verified": false,
        "line_number": 196
      }
    ],
    "tests/unit/test_session_parser.py": [
      {
        "type": "Secret Keyword",
        "filename": "tests/unit/test_session_parser.py",
        "hashed_secret": "cbfdac6008f9cab4083784cbd1874f76618d2a97",
        "is_verified": false,
        "line_number": 265
      }
    ],
    "tests/unit/test_ssh_key_extractor.py": [
      {
        "type": "Base64 High Entropy String",
        "filename": "tests/unit/test_ssh_key_extractor.py",
        "hashed_secret": "d7f3b8c60cf33acd5f2a8fab00c5e2fed40e155f",
        "is_verified": false,
        "line_number": 13
      },
      {
        "type": "Base64 High Entropy String",
        "filename": "tests/unit/test_ssh_key_extractor.py",
        "hashed_secret": "4ae816a567b772c9dc1f6670f2f663af38abc673",
        "is_verified": false,
        "line_number": 14
      },
      {
        "type": "Base64 High Entropy String",
        "filename": "tests/unit/test_ssh_key_extractor.py",
        "hashed_secret": "1cd63f95775412fc40460524867f2cfd30ee4c9a",
        "is_verified": false,
        "line_number": 15
      }
    ],
    "tests/unit/test_threat_detection_types.py": [
      {
        "type": "Secret Keyword",
        "filename": "tests/unit/test_threat_detection_types.py",
        "hashed_secret": "5baa61e4c9b93f3f0682250b6cf8331b7ee68fd8",
        "is_verified": false,
        "line_number": 230
      }
    ],
    "tests/unit/test_three_tier_models.py": [
      {
        "type": "Hex High Entropy String",
        "filename": "tests/unit/test_three_tier_models.py",
        "hashed_secret": "d86c161a7c71d0ad6ae3093d12aa5a18a2a79158",
        "is_verified": false,
        "line_number": 438
      },
      {
        "type": "Secret Keyword",
        "filename": "tests/unit/test_three_tier_models.py",
        "hashed_secret": "d86c161a7c71d0ad6ae3093d12aa5a18a2a79158",
        "is_verified": false,
        "line_number": 438
      }
    ],
    "tests/unit/test_unicode_sanitizer.py": [
      {
        "type": "Hex High Entropy String",
        "filename": "tests/unit/test_unicode_sanitizer.py",
        "hashed_secret": "ef678205593788329ff416ce5c65fa04f33a05bd",
        "is_verified": false,
        "line_number": 335
      },
      {
        "type": "Secret Keyword",
        "filename": "tests/unit/test_unicode_sanitizer.py",
        "hashed_secret": "435b41068e8665513a20070c033b08b9c66e4332",
        "is_verified": false,
        "line_number": 338
      },
      {
        "type": "Secret Keyword",
        "filename": "tests/unit/test_unicode_sanitizer.py",
        "hashed_secret": "cbfdac6008f9cab4083784cbd1874f76618d2a97",
        "is_verified": false,
        "line_number": 370
      },
      {
        "type": "Secret Keyword",
        "filename": "tests/unit/test_unicode_sanitizer.py",
        "hashed_secret": "60220a6ae516551b50e69a8118462009559eab9b",
        "is_verified": false,
        "line_number": 371
      },
      {
        "type": "Secret Keyword",
        "filename": "tests/unit/test_unicode_sanitizer.py",
        "hashed_secret": "9d4e1e23bd5b727046a9e3b4b7db57bd8d6ee684",
        "is_verified": false,
        "line_number": 372
      }
    ],
    "tests/unit/test_virustotal_handler.py": [
      {
        "type": "Secret Keyword",
        "filename": "tests/unit/test_virustotal_handler.py",
        "hashed_secret": "3acfb2c2b433c0ea7ff107e33df91b18e52f960f",
        "is_verified": false,
        "line_number": 22
      }
    ],
    "tests/unit/test_virustotal_quota.py": [
      {
        "type": "Secret Keyword",
        "filename": "tests/unit/test_virustotal_quota.py",
        "hashed_secret": "2e7a7ee14caebf378fc32d6cf6f557f347c96773",
        "is_verified": false,
        "line_number": 75
      }
    ]
  },
  "generated_at": "2025-11-06T19:30:59Z"
}
